[game_started]	
[move]	PieceType: 5
[move]	PieceType: 5
[move]	PieceType: 5
[move]	PieceType: 5
[move]	PieceType: 5
[move]	PieceType: 5
[move]	PieceType: 5
[move]	PieceType: 5
[piece_taken]	 piece: 5 file: 1 rank: 4
[move]	PieceType: 5
[piece_taken]	 piece: 5 file: 1 rank: 3
[move]	PieceType: 4
[move]	PieceType: 5
[move]	PieceType: 3
[move]	PieceType: 4
[move]	PieceType: 1
[check]	: color: 0
[move]	PieceType: 4
[move]	PieceType: 0
[queenside castling]	color: 1
[move]	PieceType: 1
[move]	PieceType: 1
[piece_taken]	 piece: 1 file: 1 rank: 4
[move]	PieceType: 4
[piece_taken]	 piece: 1 file: 1 rank: 4
[move]	PieceType: 3
[piece_taken]	 piece: 5 file: 3 rank: 4
[move]	PieceType: 4
[piece_taken]	 piece: 5 file: 3 rank: 5
[move]	PieceType: 3
[move]	PieceType: 5
[move]	PieceType: 5
[move]	PieceType: 4
[piece_taken]	 piece: 5 file: 1 rank: 6
[move]	PieceType: 5
[move]	PieceType: 5
[move]	PieceType: 5
[piece_taken]	 piece: 5 file: 5 rank: 4
[move]	PieceType: 4
[move]	PieceType: 0
[piece_taken]	 piece: 4 file: 3 rank: 7
[move]	PieceType: 5
[move]	PieceType: 5
[move]	PieceType: 5
[move]	PieceType: 5
[move]	PieceType: 5
[piece_promoted]	 piece: 1 file: 1 rank: 8
[move]	PieceType: 5
[piece_taken]	 piece: 4 file: 8 rank: 3
[move]	PieceType: 1
[piece_taken]	 piece: 3 file: 1 rank: 2
[move]	PieceType: 5
[move]	PieceType: 5
[piece_taken]	 piece: 5 file: 5 rank: 3
[move]	PieceType: 4
[move]	PieceType: 3
[move]	PieceType: 5
[move]	PieceType: 0
[kingside castling]	color: 0
[move]	PieceType: 2
[piece_taken]	 piece: 5 file: 4 rank: 3
[move]	PieceType: 3
[piece_taken]	 piece: 2 file: 4 rank: 3
[move]	PieceType: 4
[move]	PieceType: 3
[piece_taken]	 piece: 4 file: 5 rank: 4
[move]	PieceType: 4
[move]	PieceType: 5
[piece_taken]	 piece: 4 file: 4 rank: 4
[move]	PieceType: 0
[move]	PieceType: 5
[move]	PieceType: 5
[move]	PieceType: 5
[piece_taken]	 piece: 5 file: 5 rank: 5
[move]	PieceType: 5
[move]	PieceType: 5
[move]	PieceType: 5
[piece_taken]	 piece: 3 file: 5 rank: 4
[move]	PieceType: 5
[piece_taken]	 piece: 3 file: 6 rank: 8
[piece_promoted]	 piece: 1 file: 6 rank: 8
[move]	PieceType: 5
[move]	PieceType: 1
[piece_taken]	 piece: 2 file: 8 rank: 8
[move]	PieceType: 5
[check]	: color: 0
[move]	PieceType: 0
[piece_taken]	 piece: 5 file: 8 rank: 2
[move]	PieceType: 5
[move]	PieceType: 1
[move]	PieceType: 5
[piece_promoted]	 piece: 1 file: 5 rank: 1
[move]	PieceType: 2
[piece_taken]	 piece: 1 file: 5 rank: 1
[move]	PieceType: 0
[move]	PieceType: 5
[move]	PieceType: 0
[move]	PieceType: 2
[pat]	: color: 1
[draw]	
[game_finished]	
