[game_started]	
[move]	PieceType: 5
[move]	PieceType: 5
[move]	PieceType: 4
[move]	PieceType: 4
[move]	PieceType: 3
[move]	PieceType: 4
[move]	PieceType: 4
[move]	PieceType: 5
[move]	PieceType: 5
[piece_taken]	 piece: 5 file: 4 rank: 5
[move]	PieceType: 4
[piece_taken]	 piece: 5 file: 4 rank: 5
[move]	PieceType: 4
[piece_taken]	 piece: 5 file: 6 rank: 7
[move]	PieceType: 0
[piece_taken]	 piece: 4 file: 6 rank: 7
[game_finished]	
