[game_started]	
[move]	PieceType: 5
[move]	PieceType: 4
[move]	PieceType: 5
[move]	PieceType: 5
[move]	PieceType: 4
[move]	PieceType: 3
[game_finished]	
